// Jest Snapshot v1, https://goo.gl/fbAQLP

exports[`sector performance data works 1`] = `
Object {
  "information": "String",
  "last_refreshed": "String",
  "rank_a_real_time_performance": Object {
    "communication_services": "String",
    "consumer_discretionary": "String",
    "consumer_staples": "String",
    "energy": "String",
    "financials": "String",
    "health_care": "String",
    "industrials": "String",
    "information_technology": "String",
    "materials": "String",
    "real_estate": "String",
    "utilities": "String",
  },
  "rank_b_day_performance": Object {
    "communication_services": "String",
    "consumer_discretionary": "String",
    "consumer_staples": "String",
    "energy": "String",
    "financials": "String",
    "health_care": "String",
    "industrials": "String",
    "information_technology": "String",
    "materials": "String",
    "real_estate": "String",
    "utilities": "String",
  },
  "rank_c_day_performance": Object {
    "communication_services": "String",
    "consumer_discretionary": "String",
    "consumer_staples": "String",
    "energy": "String",
    "financials": "String",
    "health_care": "String",
    "industrials": "String",
    "information_technology": "String",
    "materials": "String",
    "real_estate": "String",
    "utilities": "String",
  },
  "rank_d_month_performance": Object {
    "communication_services": "String",
    "consumer_discretionary": "String",
    "consumer_staples": "String",
    "energy": "String",
    "financials": "String",
    "health_care": "String",
    "industrials": "String",
    "information_technology": "String",
    "materials": "String",
    "real_estate": "String",
    "utilities": "String",
  },
  "rank_e_month_performance": Object {
    "communication_services": "String",
    "consumer_discretionary": "String",
    "consumer_staples": "String",
    "energy": "String",
    "financials": "String",
    "health_care": "String",
    "industrials": "String",
    "information_technology": "String",
    "materials": "String",
    "real_estate": "String",
    "utilities": "String",
  },
  "rank_f_year_to_date_ytd_performance": Object {
    "communication_services": "String",
    "consumer_discretionary": "String",
    "consumer_staples": "String",
    "energy": "String",
    "financials": "String",
    "health_care": "String",
    "industrials": "String",
    "information_technology": "String",
    "materials": "String",
    "real_estate": "String",
    "utilities": "String",
  },
  "rank_g_year_performance": Object {
    "communication_services": "String",
    "consumer_discretionary": "String",
    "consumer_staples": "String",
    "energy": "String",
    "financials": "String",
    "health_care": "String",
    "industrials": "String",
    "information_technology": "String",
    "materials": "String",
    "real_estate": "String",
    "utilities": "String",
  },
  "rank_h_year_performance": Object {
    "communication_services": "String",
    "consumer_discretionary": "String",
    "consumer_staples": "String",
    "energy": "String",
    "financials": "String",
    "health_care": "String",
    "industrials": "String",
    "information_technology": "String",
    "materials": "String",
    "utilities": "String",
  },
  "rank_i_year_performance": Object {
    "communication_services": "String",
    "consumer_discretionary": "String",
    "consumer_staples": "String",
    "energy": "String",
    "financials": "String",
    "health_care": "String",
    "industrials": "String",
    "information_technology": "String",
    "materials": "String",
    "utilities": "String",
  },
  "rank_j_year_performance": Object {
    "communication_services": "String",
    "consumer_discretionary": "String",
    "consumer_staples": "String",
    "energy": "String",
    "financials": "String",
    "health_care": "String",
    "industrials": "String",
    "information_technology": "String",
    "materials": "String",
    "utilities": "String",
  },
}
`;
